C51 COMPILER V7.50   DISPATCH                                                              10/28/2014 20:56:31 PAGE 1   


C51 COMPILER V7.50, COMPILATION OF MODULE DISPATCH
OBJECT MODULE PLACED IN .\output\dispatch.obj
COMPILER INVOKED BY: C:\Keil\C51\BIN\C51.EXE source\dispatch.c LARGE BROWSE INCDIR(.\include\) DEBUG OBJECTEXTEND PRINT(
                    -.\listing\dispatch.lst) OBJECT(.\output\dispatch.obj)

line level    source

   1          #include <reg52.h>
   2          #include <parameter.h>
   3          #include <intrins.h>
   4          #include <dispatch.h>
   5          #include <uart.h>
   6          
   7          unsigned char ManiDispatchSteps = 20;
   8          unsigned char ManiDispatchStepsBak = 0;
   9          
  10          unsigned char SubDispatchSteps = 20;
  11          unsigned char SubDispatchStepsBak = 20;         
  12                                                                          //0：初始状态
  13                                                                          //1：电机输出前进慢
  14                                                                          //2：到达设置长度15%，电机输出前进快
  15                                                                          //3：到达设置长度85%，点击输出前进慢
  16                                                                          //4：到达设置长度100%，切板输出
  17                                                                          //5：切板下方感应
  18                                                                          //6：切板上方感应，过程结束
  19                                                                          //20：结束状态
  20          
  21          unsigned char currentSettingIndex = 20;
  22          unsigned char currentSettingBoardNum = 20;
  23          
  24          unsigned int timerCountOperation = 0;
  25          
  26          
  27          unsigned char ManualDispatchSteps = 20;
  28          unsigned int ManualTimerCount = 0;
  29          
  30          void ManualDispatch(void)
  31          {
  32   1              switch(ManualDispatchSteps)
  33   1              {
  34   2                      case 0:  //前进开始
  35   2                              MotorForwardSlow = 0;
  36   2                              ManualTimerCount = 0;
  37   2                              ManualDispatchSteps ++;
  38   2                      break;
  39   2                      case 1:  //前进结束
  40   2                              if(ManualTimerCount > 10)
  41   2                              {
  42   3                                      MotorForwardSlow = 1;
  43   3                                      ManualDispatchSteps = 20;
  44   3                              }
  45   2                      break;
  46   2                      case 2:  //后退开始
  47   2                              MotorBackSlow = 0;
  48   2                              ManualTimerCount = 0;
  49   2                              ManualDispatchSteps ++;
  50   2                      break;
  51   2                      case 3:  //后退结束
  52   2                              if(ManualTimerCount > 10)
  53   2                              {
  54   3                                      MotorBackSlow = 1;
C51 COMPILER V7.50   DISPATCH                                                              10/28/2014 20:56:31 PAGE 2   

  55   3                                      ManualDispatchSteps = 20;
  56   3                              }
  57   2                      break;
  58   2                      case 4:  //慢进开始
  59   2                              MotorForwardSlow = 0;
  60   2                              ManualTimerCount = 0;
  61   2                              ManualDispatchSteps ++;
  62   2                      break;
  63   2                      case 5:  //慢进结束
  64   2                              if(ManualTimerCount > 10)
  65   2                              {
  66   3                                      MotorForwardSlow = 1;
  67   3                                      ManualDispatchSteps = 20;
  68   3                              }
  69   2                      break;
  70   2                      case 6:  //切断上开始
  71   2                              HydClamUp = 0;
  72   2                              ManualDispatchSteps ++;
  73   2                      break;
  74   2                      case 7:  //切断上结束
  75   2                              if(HydClamInductorTop == 0)
  76   2                              {
  77   3                                      HydClamUp = 1;
  78   3                                      ManualDispatchSteps = 20;
  79   3                              }
  80   2                      break;
  81   2                      case 8:  //切断下开始
  82   2                              HydClamDown = 0;
  83   2                              ManualDispatchSteps ++;
  84   2                      break;
  85   2                      case 9:  //切断下结束
  86   2                              if(HydClamInductorBottom == 0)
  87   2                              {
  88   3                                      HydClamDown = 1;
  89   3                                      ManualDispatchSteps = 20;
  90   3                              }
  91   2                      break;
  92   2                      default:
  93   2                               _nop_();       
  94   2              }       
  95   1      }
  96          
  97          void ManiDispatch(void)
  98          {
  99   1              switch(ManiDispatchSteps)
 100   1              {
 101   2                      case 0: 
 102   2                              currentSettingIndex = 0;
 103   2                              currentSettingBoardNum =  parameterBoard[currentSettingIndex].boardNumber;
 104   2                              currentlyBoardNumber = 0;
 105   2                              settingBoardNumber = currentSettingBoardNum;
 106   2                              ManiDispatchSteps ++;
 107   2                      break;
 108   2                      case 1:
 109   2                              if(parameterBoard[currentSettingIndex].boardNumber != 0 && parameterBoard[currentSettingIndex].boardLen
             -gth != 0)
 110   2                              {
 111   3                                      ManiDispatchSteps ++;
 112   3                              }
 113   2                              else
 114   2                              {
 115   3                                      ManiDispatchSteps = 4;
C51 COMPILER V7.50   DISPATCH                                                              10/28/2014 20:56:31 PAGE 3   

 116   3                              }
 117   2                      break;
 118   2                      case 2:
 119   2                              settingBoardLength =  parameterBoard[currentSettingIndex].boardLength - (currentlyBoardNumber*parameter
             -Board[currentSettingIndex].boardDecLength);
 120   2                              SubDispatchSteps = 0;
 121   2                              currentlySignalNum = 0;
 122   2                              ManiDispatchSteps ++;
 123   2                              freshDiaplay = 1;
 124   2                      break;
 125   2                      case 3:
 126   2                              if(SubDispatchSteps == 20)
 127   2                              {
 128   3                                      currentSettingBoardNum --;
 129   3                                      currentlyBoardNumber ++;
 130   3                                      if(currentSettingBoardNum > 0)
 131   3                                      {
 132   4                                              ManiDispatchSteps = 2;
 133   4                                      }
 134   3                                      else
 135   3                                      {
 136   4                                              ManiDispatchSteps ++;
 137   4                                      }
 138   3                              }
 139   2                      break;
 140   2                      case 4:
 141   2                              currentSettingIndex ++;
 142   2                              if(currentSettingIndex < 4)
 143   2                              {
 144   3                                      currentSettingBoardNum =  parameterBoard[currentSettingIndex].boardNumber;
 145   3                                      currentlyBoardNumber = 0;
 146   3                                      settingBoardNumber = currentSettingBoardNum;
 147   3                                      ManiDispatchSteps = 1;
 148   3                              }
 149   2                              else
 150   2                              {
 151   3                                      ManiDispatchSteps = 20;
 152   3                                      powerMode = 0;
 153   3                                      settingBoardLength = 0;
 154   3                                      settingBoardNumber = 0;
 155   3                                      currentlySignalNum = 0;
 156   3                                      currentlyBoardNumber = 0;
 157   3                                      freshDiaplay = 1;
 158   3                              }               
 159   2                      break;
 160   2                      default:
 161   2                               _nop_();
 162   2              }
 163   1      }
 164          
 165          //0：初始状态
 166          //1：电机输出前进慢
 167          //2：到达设置长度15%，电机输出前进快
 168          //3：到达设置长度85%，点击输出前进慢
 169          //4：到达设置长度100%，切板输出
 170          //5：切板下方感应
 171          //6：切板上方感应，过程结束
 172          //20：结束状态
 173          void SubDispatch(void)
 174          {
 175   1              unsigned int temp, temp1;
 176   1              switch(SubDispatchSteps)
C51 COMPILER V7.50   DISPATCH                                                              10/28/2014 20:56:31 PAGE 4   

 177   1              {
 178   2                      case 0: //0：开始工作，电机前进慢
 179   2                              MotorForwardFast = 1;
 180   2                              MotorBackFast = 1;
 181   2                              MotorForwardSlow = 0;
 182   2                              MotorBackSlow = 1;
 183   2                              HydClamDown = 1;
 184   2                              HydClamUp = 1;
 185   2                              SubDispatchSteps ++;
 186   2                      break;
 187   2                      case 1: //1：板子到达设置长度八分之一，电机前进快
 188   2                              MotorForwardSlow = 0;
 189   2                              MotorForwardFast = 1;
 190   2                              temp = settingBoardLength-errorCorrectionBoardLength;
 191   2                              temp1 = temp>>3;
 192   2                              if( currentlyBoardLength > temp1 )
 193   2                              {
 194   3                                      MotorForwardSlow = 0;
 195   3                                      MotorForwardFast = 0;
 196   3                                      SubDispatchSteps ++;    
 197   3                              }       
 198   2                      break;
 199   2                      case 2: //2：到达设置长度八分之七，电机变为慢速
 200   2                              MotorForwardSlow = 0;
 201   2                              MotorForwardFast = 0;
 202   2                              temp = settingBoardLength-errorCorrectionBoardLength;
 203   2                              temp1 = (settingBoardLength- errorCorrectionBoardLength) - (temp>>3);
 204   2                              if( currentlyBoardLength > temp1)
 205   2                              {
 206   3                                      MotorForwardSlow = 0;
 207   3                                      MotorForwardFast = 1;
 208   3                                      SubDispatchSteps ++;    
 209   3                              }       
 210   2                      break;
 211   2                      case 3: //3：到达设置长度100%，如果剪刀在上方则输出剪刀向下
 212   2                              MotorForwardSlow = 0;
 213   2                              temp = settingBoardLength-errorCorrectionBoardLength;
 214   2                              if( currentlyBoardLength > temp)
 215   2                              {
 216   3                                      MotorForwardSlow = 1;
 217   3                                      if(HydClamInductorTop == 0)
 218   3                                      {
 219   4                                              if(HydClamStatus == 1)
 220   4                                              {
 221   5                                                      HydClamDown = 0;
 222   5                                                      timerCountOperation = 0;
 223   5                                                      SubDispatchSteps ++;
 224   5                                              }
 225   4                                              else
 226   4                                              {
 227   5                                                      SubDispatchSteps = 22;
 228   5                                              }
 229   4                                      }
 230   3                                              
 231   3                              }       
 232   2                      break;
 233   2                      case 4: //4：剪刀下方传感器感应到，关闭向下，输出向上
 234   2                              HydClamDown = 0;
 235   2                              if(timerCountOperation > 1000) //10s 时间到
 236   2                              {
 237   3                                      ManiDispatchStepsBak =  ManiDispatchSteps;
 238   3                                      SubDispatchStepsBak = SubDispatchSteps;
C51 COMPILER V7.50   DISPATCH                                                              10/28/2014 20:56:31 PAGE 5   

 239   3                                      ManiDispatchSteps = 20;
 240   3                                      SubDispatchSteps = 20;
 241   3                                      /////////////////////////
 242   3                                      MotorForwardFast = 1;
 243   3                                      MotorBackFast = 1;
 244   3                                      MotorForwardSlow = 1;
 245   3                                      MotorBackSlow = 1;
 246   3                                      HydClamDown = 1;
 247   3                                      HydClamUp = 1;
 248   3                                      /////////////////////////
 249   3                                      SystemAlarm = 0;
 250   3                                      powerMode = 2;
 251   3                                      freshDiaplay = 1;
 252   3                              }
 253   2                              if(HydClamInductorBottom == 0)
 254   2                              {
 255   3                                      HydClamDown = 1;
 256   3                                      HydClamUp = 0;
 257   3                                      SubDispatchSteps ++;    
 258   3                              }       
 259   2                      break;
 260   2                      case 5: //5：剪刀上方感应器感应到，关闭剪刀向上
 261   2                              HydClamUp = 0;
 262   2                              if(timerCountOperation > 1000) //10s 时间到
 263   2                              {
 264   3                                      ManiDispatchStepsBak =  ManiDispatchSteps;
 265   3                                      SubDispatchStepsBak = SubDispatchSteps;
 266   3                                      ManiDispatchSteps = 20;
 267   3                                      SubDispatchSteps = 20;
 268   3                                      /////////////////////////
 269   3                                      MotorForwardFast = 1;
 270   3                                      MotorBackFast = 1;
 271   3                                      MotorForwardSlow = 1;
 272   3                                      MotorBackSlow = 1;
 273   3                                      HydClamDown = 1;
 274   3                                      HydClamUp = 1;
 275   3                                      /////////////////////////
 276   3                                      SystemAlarm = 0;
 277   3                                      powerMode = 2;
 278   3                                      freshDiaplay = 1;
 279   3                              }
 280   2                              if(HydClamInductorTop == 0)
 281   2                              {
 282   3                                      HydClamUp = 1;
 283   3                                      SubDispatchSteps = 20;
 284   3                                      currentlySignalNum = 0; 
 285   3                              }       
 286   2                      break;
 287   2                      case 20:
 288   2                              /*
 289   2                              MotorForwardFast = 1;
 290   2                              MotorBackFast = 1;
 291   2                              MotorForwardSlow = 1;
 292   2                              MotorBackSlow = 1;
 293   2                              HydClamDown = 1;
 294   2                              HydClamUp = 1;
 295   2                              */
 296   2                      break;
 297   2                      case 22:        //22：液压剪刀关闭状态，等待手动开启液压剪刀
 298   2                              _nop_();        
 299   2                      break;
 300   2                      default:
C51 COMPILER V7.50   DISPATCH                                                              10/28/2014 20:56:31 PAGE 6   

 301   2                              _nop_();
 302   2              }
 303   1      }


MODULE INFORMATION:   STATIC OVERLAYABLE
   CODE SIZE        =   1008    ----
   CONSTANT SIZE    =   ----    ----
   XDATA SIZE       =     11       4
   PDATA SIZE       =   ----    ----
   DATA SIZE        =   ----    ----
   IDATA SIZE       =   ----    ----
   BIT SIZE         =   ----    ----
END OF MODULE INFORMATION.


C51 COMPILATION COMPLETE.  0 WARNING(S),  0 ERROR(S)
