C51 COMPILER V7.50   KEY                                                                   09/30/2014 21:40:33 PAGE 1   


C51 COMPILER V7.50, COMPILATION OF MODULE KEY
OBJECT MODULE PLACED IN .\output\key.obj
COMPILER INVOKED BY: C:\Keil\C51\BIN\C51.EXE source\key.c LARGE BROWSE INCDIR(.\include\) DEBUG OBJECTEXTEND PRINT(.\lis
                    -ting\key.lst) OBJECT(.\output\key.obj)

line level    source

   1          #include <reg52.h>
   2          #include <intrins.h>
   3          #include <parameter.h>
   4          #include <key.h>
   5          #include <dispatch.h>
   6          #include <uart.h>
   7          
   8          void Key_Scan(void);
   9          
  10          unsigned char Key_Scan_Steps = 0;               //0：初始状态 如果有按键按下则进入1
  11                                                                                          //1：延迟10ms
  12                                                                                          //2：如果按键确实按下则进入3
  13                                                                                          //3：确定按键
  14                                                                                          //4：如果按键释放则进入0
  15          
  16          void Key_Scan(void)
  17          {
  18   1              switch(Key_Scan_Steps)
  19   1              {
  20   2                      case 0:
  21   2                              if(KeyStart == 0 || KeyStop == 0 || KeyHydClam == 0)
  22   2                              {
  23   3                                      Key_Scan_Steps = 1;
  24   3                              }
  25   2                      break;
  26   2                      case 1:
  27   2                              if(KeyStart == 0 || KeyStop == 0 || KeyHydClam == 0)
  28   2                              {
  29   3                                      Key_Scan_Steps = 2;
  30   3                              }
  31   2                              else
  32   2                              {
  33   3                                      Key_Scan_Steps = 0;
  34   3                              }
  35   2                      break;
  36   2                      case 2:
  37   2                              if(KeyStart == 0)
  38   2                              {
  39   3                                      if(runMode)
  40   3                                      {
  41   4                                              powerMode = 1;
  42   4                                              //恢复自动模式继续工作
  43   4                                              /////////
  44   4                                              //ManiDispatchSteps = 0;
  45   4                                              ManiDispatchSteps = ManiDispatchStepsBak;
  46   4                                              SubDispatchSteps = SubDispatchStepsBak;
  47   4                                              timerCountOperation = 0;
  48   4                                              freshDiaplay = 1;
  49   4                                      }
  50   3                                      //cistern[7].cisternStatus = Ready;
  51   3                                      //displayFlag = 1;
  52   3                              }
  53   2                              if(KeyStop == 0)
  54   2                              {
C51 COMPILER V7.50   KEY                                                                   09/30/2014 21:40:33 PAGE 2   

  55   3                                      if(powerMode == 1)
  56   3                                      {
  57   4                                              //进入停机模式
  58   4                                              ManiDispatchStepsBak =  ManiDispatchSteps;
  59   4                                              SubDispatchStepsBak = SubDispatchSteps;
  60   4                                              ManiDispatchSteps = 20;
  61   4                                              SubDispatchSteps = 20;
  62   4                                              ////////
  63   4                                              powerMode = 0;
  64   4                                              freshDiaplay = 1;
  65   4                                      }
  66   3                                      else if(powerMode == 2)
  67   3                                      {
  68   4                                              //恢复自动模式继续工作
  69   4                                              ManiDispatchSteps = ManiDispatchStepsBak;
  70   4                                              SubDispatchSteps = SubDispatchStepsBak;
  71   4                                              //////
  72   4                                              powerMode = 1;
  73   4                                              SystemAlarm = 1;
  74   4                                              timerCountOperation = 0;
  75   4                                              freshDiaplay = 1;
  76   4                                      }       
  77   3                              }
  78   2                              if(KeyHydClam == 0)
  79   2                              {
  80   3                                      //液压钳输出
  81   3                                      if(runMode && SubDispatchSteps == 22 && HydClamInductorTop == 0) //自动状态，并且处于液压钳等待状态
  82   3                                      {
  83   4                                              HydClamDown = 0;
  84   4                                              timerCountOperation = 0;
  85   4                                              SubDispatchSteps = 4;
  86   4                                      }
  87   3                                      freshDiaplay = 1;       
  88   3                              }
  89   2                              Key_Scan_Steps = 3;
  90   2                      break;
  91   2                      case 3:
  92   2                              if(KeyStart == 1 && KeyStop == 1 && KeyHydClam == 1)
  93   2                              {
  94   3                                      Key_Scan_Steps = 0;
  95   3                              }
  96   2                      break;
  97   2                      default:
  98   2                               _nop_();
  99   2              }
 100   1      }


MODULE INFORMATION:   STATIC OVERLAYABLE
   CODE SIZE        =    260    ----
   CONSTANT SIZE    =   ----    ----
   XDATA SIZE       =      1    ----
   PDATA SIZE       =   ----    ----
   DATA SIZE        =   ----    ----
   IDATA SIZE       =   ----    ----
   BIT SIZE         =   ----    ----
END OF MODULE INFORMATION.


C51 COMPILATION COMPLETE.  0 WARNING(S),  0 ERROR(S)
