C51 COMPILER V7.50   OPERATION                                                             05/10/2014 18:25:08 PAGE 1   


C51 COMPILER V7.50, COMPILATION OF MODULE OPERATION
OBJECT MODULE PLACED IN .\output\operation.obj
COMPILER INVOKED BY: C:\Keil\C51\BIN\C51.EXE source\operation.c LARGE BROWSE INCDIR(.\include\) DEBUG OBJECTEXTEND PRINT
                    -(.\listing\operation.lst) OBJECT(.\output\operation.obj)

line level    source

   1          #include <reg52.h>
   2          #include <position.h>
   3          #include <parameter.h>
   4          #include <basefunc.h>
   5          #include <operation.h>
   6          #include <intrins.h>
   7          
   8          sbit MotorLeft = P2^0; //机械臂向进口移动电机
   9          sbit MotorRight = P2^1; //机械臂向出口移动电机
  10          sbit ManiUp =  P1^0; //机械臂向上移动电机
  11          sbit ManiDown =  P1^1; //机械臂向下移动电机
  12          sbit MotorSpeedUp =  P1^2; //辅助输出（电机加速）
  13          sbit MotorSlowDown = P1^3; //辅助输出（电机减速）
  14          
  15          sbit SystemError = P1^4; //系统出错指示灯
  16          
  17          sbit sensorInput = P3^0; //进口位置感应
  18          sbit sensorManiTop = P3^1; //机械臂在顶端位置感应
  19          sbit sensorManiBut = P3^2; //机械臂在低端位置感应
  20          sbit sensorOutput = P3^3; //出位置感应
  21          
  22          
  23          void A_Up_Down(uchar upCisternNumber, uchar downCisternNumber); //机械臂提起upCisternNumber槽里面框放到dow
             -nCisternNumber槽
  24          uchar A_Up_Down_Steps = 100;                    //0：机械臂初始状态
  25                                                                                          //1：机械臂提起upCisternNumber槽中的框
  26                                                                                          //2：机械臂放框到downCisternNumber槽中
  27                                                                                          //100：机械臂空操作
  28          
  29          unsigned int timeBetweenOpeartionDry = timeBetweenOpeartion;            //机械臂调起后悬挂晾干时间
  30          
  31          
  32          void A_Move_Entrance(void);             //机械臂A移动到进口槽位置
  33          uchar A_Move_Entrance_Steps = 100;              //0：机械臂初始状态
  34                                                                                          //1：机械臂A定位前等待
  35                                                                                          //2：机械臂A定位
  36                                                                                          //3：机械臂定位后等待
  37                                                                                          //100：机械臂空操作     
  38                                                                                          
  39          void ManualMode_Operation(void);  //手动模式                                                                                                                                                            
  40                                                                                          
  41          uint ManiOperationTimer = 0; //机械臂操作定时器
  42          
  43          
  44          void A_Up_Down(uchar upCisternNumber, uchar downCisternNumber)
  45          {
  46   1              switch(A_Up_Down_Steps)
  47   1              {
  48   2                      case 0:         //0：机械臂初始状态
  49   2                              ManiOperationTimer = 0;
  50   2                              SystemError = 1;
  51   2                              A_Up_Down_Steps ++;     
  52   2                      break;
  53   2                      case 1:         //1：机械臂A定位前等待
C51 COMPILER V7.50   OPERATION                                                             05/10/2014 18:25:08 PAGE 2   

  54   2                              TargetCisternNumber =  upCisternNumber; //设置本次机械臂运行的目标槽位
  55   2                              if(ManiOperationTimer > timeBetweenOpeartion) //定时时间到
  56   2                              {
  57   3                                      if(manipulator.currentPosition > upCisternNumber) //当前机械臂在cisternNumber号槽右边
  58   3                                      {
  59   4                                              MotorLeft = 0; //行车向左
  60   4                                              MotorRight = 1;
  61   4                                              if(MotorSpeedFlag == 1) //电机加速
  62   4                                              {
  63   5                                                      MotorSpeedUp = 0;
  64   5                                                      MotorSlowDown = 1;
  65   5                                              }
  66   4                                              else if(MotorSpeedFlag == 2) //电机减速
  67   4                                              {
  68   5                                                      MotorSpeedUp = 1;
  69   5                                                      MotorSlowDown = 0;
  70   5                                              }
  71   4                                              else //正常速度
  72   4                                              {
  73   5                                                      MotorSpeedUp = 1;
  74   5                                                      MotorSlowDown = 1;
  75   5                                              }
  76   4      
  77   4                                              drivingDirect = DGoEntrance;
  78   4                                              manipulator.manipulaterStatus = GoEntrance;
  79   4                                              if(displayFlag == 0)
  80   4                                              {
  81   5                                                      displayFlag = 2;
  82   5                                              }
  83   4                                      }
  84   3                                      else if(manipulator.currentPosition < upCisternNumber)
  85   3                                      {
  86   4                                              MotorLeft = 1;
  87   4                                              MotorRight = 0; //行车向右
  88   4                                              if(MotorSpeedFlag == 1) //电机加速
  89   4                                              {
  90   5                                                      MotorSpeedUp = 0;
  91   5                                                      MotorSlowDown = 1;
  92   5                                              }
  93   4                                              else if(MotorSpeedFlag == 2) //电机减速
  94   4                                              {
  95   5                                                      MotorSpeedUp = 1;
  96   5                                                      MotorSlowDown = 0;
  97   5                                              }
  98   4                                              else //正常速度
  99   4                                              {
 100   5                                                      MotorSpeedUp = 1;
 101   5                                                      MotorSlowDown = 1;
 102   5                                              }
 103   4                                              drivingDirect = GoOutfall;
 104   4                                              manipulator.manipulaterStatus = DGoOutfall;
 105   4                                              if(displayFlag == 0)
 106   4                                              {
 107   5                                                      displayFlag = 2;
 108   5                                              }
 109   4                                      }
 110   3                                      else
 111   3                                      {
 112   4                                              MotorLeft = 1;
 113   4                                              MotorRight = 1;
 114   4                                              MotorSpeedUp = 1;
 115   4                                              MotorSlowDown = 1;
C51 COMPILER V7.50   OPERATION                                                             05/10/2014 18:25:08 PAGE 3   

 116   4                                              A_Up_Down_Steps++;      
 117   4                                      }       
 118   3                              }
 119   2                      break;
 120   2                      case 2:         //2：机械臂A定位
 121   2                              if(manipulator.currentPosition == upCisternNumber)
 122   2                              {
 123   3                                      MotorLeft = 1;
 124   3                                      MotorRight = 1;
 125   3                                      MotorSpeedUp = 1;
 126   3                                      MotorSlowDown = 1;
 127   3                                      ManiOperationTimer = 0;
 128   3                                      manipulator.manipulaterStatus = Stop;
 129   3                                      if(displayFlag == 0)
 130   3                                      {
 131   4                                              displayFlag = 2;
 132   4                                      }
 133   3                                      A_Up_Down_Steps ++;
 134   3                              }
 135   2                      break;
 136   2                      case 3:         //1：机械臂A定位前等待（过冲保护）
 137   2                              if(ManiOperationTimer > timeBetweenOpeartion) //定时时间到
 138   2                              {
 139   3                                      /*
 140   3                                      if(manipulator.currentPosition > upCisternNumber) //当前机械臂在cisternNumber号槽右边
 141   3                                      {
 142   3                                              MotorLeft = 0;  //行车向左 
 143   3                                              MotorRight = 1;
 144   3                                              MotorSpeedUp = 1;
 145   3                                              MotorSlowDown = 0; //电机减速
 146   3                                              drivingDirect = DGoEntrance;
 147   3                                              manipulator.manipulaterStatus = GoEntrance;
 148   3                                              if(displayFlag == 0)
 149   3                                              {
 150   3                                                      displayFlag = 2;
 151   3                                              }
 152   3                                              A_Up_Down_Steps = 2;
 153   3                                      }
 154   3                                      else if(manipulator.currentPosition < upCisternNumber)
 155   3                                      {
 156   3                                              MotorLeft = 1;
 157   3                                              MotorRight = 0; //行车向右
 158   3                                              MotorSpeedUp = 1;
 159   3                                              MotorSlowDown = 0; //电机减速
 160   3                                              drivingDirect = GoOutfall;
 161   3                                              manipulator.manipulaterStatus = DGoOutfall;
 162   3                                              if(displayFlag == 0)
 163   3                                              {
 164   3                                                      displayFlag = 2;
 165   3                                              }
 166   3                                              A_Up_Down_Steps = 2;
 167   3                                      }
 168   3                                      */
 169   3                                      if(manipulator.currentPosition != upCisternNumber)
 170   3                                      {
 171   4                                              SystemError = 0;
 172   4                                      }
 173   3                                      else
 174   3                                      {
 175   4                                              SystemError = 1;
 176   4                                              MotorLeft = 1;
 177   4                                              MotorRight = 1;
C51 COMPILER V7.50   OPERATION                                                             05/10/2014 18:25:08 PAGE 4   

 178   4                                              MotorSpeedUp = 1;
 179   4                                              MotorSlowDown = 1;
 180   4                                              if(displayFlag == 0)
 181   4                                              {
 182   5                                                      displayFlag = 2;
 183   5                                              }
 184   4                                              A_Up_Down_Steps ++;     
 185   4                                      }       
 186   3                              }
 187   2                      break;
 188   2                      case 4:
 189   2                              ManiUp = 0;
 190   2                              manipulator.manipulaterStatus = GoUp;
 191   2                              if(displayFlag == 0)
 192   2                              {
 193   3                                      displayFlag = 2;
 194   3                              }
 195   2                              A_Up_Down_Steps++;
 196   2                      break;
 197   2                      case 5:         //4：机械臂A向上 
 198   2                              if(sensorManiTop == 0) //机械臂A顶端感应器感应到
 199   2                              {
 200   3                                      ManiUp = 1;
 201   3                                      manipulator.manipulatorPosition = Top;
 202   3                                      manipulator.manipulaterStatus = Stop;   
 203   3                                      cistern[upCisternNumber/2].cisternStatus = Empty;//标记当前槽为满
 204   3                                      cistern[upCisternNumber/2].currentTime = 0;//清除当前槽计时时间
 205   3                                      displayFlag = 1;
 206   3                                      A_Up_Down_Steps ++;
 207   3                              }
 208   2                      break;
 209   2                      case 6:         //0：机械臂初始状态
 210   2                              ManiOperationTimer = 0;
 211   2                              A_Up_Down_Steps ++;
 212   2                      break;
 213   2                      case 7:         //1：机械臂A定位前等待
 214   2                              TargetCisternNumber =  downCisternNumber;       //设置本次机械臂运行的目标槽位
 215   2                              if(ManiOperationTimer > timeBetweenOpeartionDry) //定时时间到
 216   2                              {
 217   3                                      if(manipulator.currentPosition > downCisternNumber) //当前机械臂在cisternNumber号槽右边
 218   3                                      {
 219   4                                              MotorLeft = 0; //行车向左
 220   4                                              MotorRight = 1;
 221   4                                              if(MotorSpeedFlag == 1) //电机加速
 222   4                                              {
 223   5                                                      MotorSpeedUp = 0;
 224   5                                                      MotorSlowDown = 1;
 225   5                                              }
 226   4                                              else if(MotorSpeedFlag == 2) //电机减速
 227   4                                              {
 228   5                                                      MotorSpeedUp = 1;
 229   5                                                      MotorSlowDown = 0;
 230   5                                              }
 231   4                                              else //正常速度
 232   4                                              {
 233   5                                                      MotorSpeedUp = 1;
 234   5                                                      MotorSlowDown = 1;
 235   5                                              }
 236   4                                              drivingDirect = DGoEntrance;
 237   4                                              manipulator.manipulaterStatus = GoEntrance;
 238   4                                              if(displayFlag == 0)
 239   4                                              {
C51 COMPILER V7.50   OPERATION                                                             05/10/2014 18:25:08 PAGE 5   

 240   5                                                      displayFlag = 2;
 241   5                                              }
 242   4                                      }
 243   3                                      else if(manipulator.currentPosition < downCisternNumber)
 244   3                                      {
 245   4                                              MotorLeft = 1;
 246   4                                              MotorRight = 0; //行车向右
 247   4                                              if(MotorSpeedFlag == 1) //电机加速
 248   4                                              {
 249   5                                                      MotorSpeedUp = 0;
 250   5                                                      MotorSlowDown = 1;
 251   5                                              }
 252   4                                              else if(MotorSpeedFlag == 2) //电机减速
 253   4                                              {
 254   5                                                      MotorSpeedUp = 1;
 255   5                                                      MotorSlowDown = 0;
 256   5                                              }
 257   4                                              else //正常速度
 258   4                                              {
 259   5                                                      MotorSpeedUp = 1;
 260   5                                                      MotorSlowDown = 1;
 261   5                                              }
 262   4                                              drivingDirect = GoOutfall;
 263   4                                              manipulator.manipulaterStatus = DGoOutfall;
 264   4                                              if(displayFlag == 0)
 265   4                                              {
 266   5                                                      displayFlag = 2;
 267   5                                              }
 268   4                                      }
 269   3                                      else
 270   3                                      {
 271   4                                              MotorLeft = 1;
 272   4                                              MotorRight = 1;
 273   4                                              MotorSpeedUp = 1;
 274   4                                              MotorSlowDown = 1;
 275   4                                              A_Up_Down_Steps++;      
 276   4                                      }       
 277   3                              }
 278   2                      break;
 279   2                      case 8:         //2：机械臂A定位
 280   2                              if(manipulator.currentPosition == downCisternNumber)
 281   2                              {
 282   3                                      MotorLeft = 1;
 283   3                                      MotorRight = 1;
 284   3                                      MotorSpeedUp = 1;
 285   3                                      MotorSlowDown = 1;
 286   3                                      ManiOperationTimer = 0;
 287   3                                      manipulator.manipulaterStatus = Stop;
 288   3                                      if(displayFlag == 0)
 289   3                                      {
 290   4                                              displayFlag = 2;
 291   4                                      }
 292   3                                      A_Up_Down_Steps ++;
 293   3                              }
 294   2                      break;
 295   2                      case 9:         //1：机械臂A定位前等待（过冲保护）
 296   2                              if(ManiOperationTimer > timeBetweenOpeartion) //定时时间到
 297   2                              {
 298   3                                      /*
 299   3                                      if(manipulator.currentPosition > downCisternNumber) //当前机械臂在cisternNumber号槽右边
 300   3                                      {
 301   3                                              MotorLeft = 0; //行车向左 
C51 COMPILER V7.50   OPERATION                                                             05/10/2014 18:25:08 PAGE 6   

 302   3                                              MotorRight = 1;
 303   3                                              MotorSpeedUp = 1;
 304   3                                              MotorSlowDown = 0; //电机减速
 305   3                                              drivingDirect = DGoEntrance;
 306   3                                              manipulator.manipulaterStatus = GoEntrance;
 307   3                                              if(displayFlag == 0)
 308   3                                              {
 309   3                                                      displayFlag = 2;
 310   3                                              }
 311   3                                              A_Up_Down_Steps = 8;
 312   3                                      }
 313   3                                      else if(manipulator.currentPosition < downCisternNumber)
 314   3                                      {
 315   3                                              MotorLeft = 1;
 316   3                                              MotorRight = 0;  //行车向右
 317   3                                              MotorSpeedUp = 1;
 318   3                                              MotorSlowDown = 0; //电机减速
 319   3                                              drivingDirect = GoOutfall;
 320   3                                              manipulator.manipulaterStatus = DGoOutfall;
 321   3                                              if(displayFlag == 0)
 322   3                                              {
 323   3                                                      displayFlag = 2;
 324   3                                              }
 325   3                                              A_Up_Down_Steps = 8;
 326   3                                      }
 327   3                                      */
 328   3                                      if(manipulator.currentPosition != downCisternNumber)
 329   3                                      {
 330   4                                              SystemError = 0;
 331   4                                      }
 332   3                                      else
 333   3                                      {
 334   4                                              SystemError = 1;
 335   4                                              MotorLeft = 1;
 336   4                                              MotorRight = 1;
 337   4                                              MotorSpeedUp = 1;
 338   4                                              MotorSlowDown = 1;
 339   4                                              if(displayFlag == 0)
 340   4                                              {
 341   5                                                      displayFlag = 2;
 342   5                                              }
 343   4                                              A_Up_Down_Steps ++;     
 344   4                                      }       
 345   3                              }
 346   2                      break;
 347   2                      case 10:
 348   2                              ManiDown = 0;
 349   2                              manipulator.manipulaterStatus = GoDown;
 350   2                              if(displayFlag == 0)
 351   2                              {
 352   3                                      displayFlag = 2;
 353   3                              }
 354   2                              A_Up_Down_Steps++;
 355   2                      break;
 356   2                      case 11:                //4：机械臂A向下 
 357   2                              if(sensorManiBut == 0) //机械臂A底端感应器感应到
 358   2                              {
 359   3                                      ManiDown = 1;
 360   3                                      manipulator.manipulatorPosition = Bottom;
 361   3                                      manipulator.manipulaterStatus = Stop;   
 362   3                                      cistern[downCisternNumber/2].cisternStatus = InCounting;//标记当前槽为满
 363   3                                      cistern[downCisternNumber/2].currentTime = 0;//清除当前槽计时时间
C51 COMPILER V7.50   OPERATION                                                             05/10/2014 18:25:08 PAGE 7   

 364   3                                      displayFlag = 1;
 365   3                                      A_Up_Down_Steps = 100;
 366   3                              }
 367   2                      break;
 368   2                      default:
 369   2                                _nop_();
 370   2              }       
 371   1      }
 372          
 373          void A_Move_Entrance(void)
 374          {
 375   1              switch(A_Move_Entrance_Steps)
 376   1              {
 377   2                      case 0:         //0：机械臂初始状态
 378   2                              ManiOperationTimer = 0;
 379   2                              A_Move_Entrance_Steps ++;
 380   2                      break;
 381   2                      case 1:         //1：机械臂A定位前等待
 382   2                              if(ManiOperationTimer > timeBetweenOpeartion) //定时时间到
 383   2                              {
 384   3                                      MotorLeft = 0; //行车向左
 385   3                                      drivingDirect = DGoEntrance;
 386   3                                      manipulator.manipulaterStatus = GoEntrance;
 387   3                                      if(displayFlag == 0)
 388   3                                      {
 389   4                                              displayFlag = 2;
 390   4                                      }
 391   3                                      A_Move_Entrance_Steps++;
 392   3                              }
 393   2                      break;
 394   2                      case 2:         //2：机械臂A定位
 395   2                              if(sensorInput == 0)
 396   2                              {
 397   3                                      ManiOperationTimer = 0;
 398   3                                      MotorLeft = 1;
 399   3                                      MotorRight = 1;
 400   3                                      drivingDirect = DStop;
 401   3                                      manipulator.manipulaterStatus = Stop;
 402   3                                      if(displayFlag == 0)
 403   3                                      {
 404   4                                              displayFlag = 2;
 405   4                                      }
 406   3                                      manipulator.currentPosition = 0;
 407   3                                      A_Move_Entrance_Steps ++;
 408   3                              }
 409   2                      break;
 410   2                      case 3:         //2：机械臂A定位
 411   2                              if(ManiOperationTimer > timeBetweenOpeartion) //定时时间到
 412   2                              {
 413   3                                      ManiOperationTimer = 0;
 414   3                                      manipulator.currentPosition = 0;
 415   3                                      A_Move_Entrance_Steps = 100;
 416   3                              }
 417   2                      break;
 418   2                      default:
 419   2                                _nop_();
 420   2              }
 421   1      }
 422          
 423          void ManualMode_Operation(void)
 424          {
 425   1              MotorLeft = 1;
C51 COMPILER V7.50   OPERATION                                                             05/10/2014 18:25:08 PAGE 8   

 426   1              MotorRight = 1;
 427   1              ManiUp =  1;
 428   1              ManiDown =  1;
 429   1              MotorSpeedUp =  1;      
 430   1      }


MODULE INFORMATION:   STATIC OVERLAYABLE
   CODE SIZE        =    897    ----
   CONSTANT SIZE    =   ----    ----
   XDATA SIZE       =      6    ----
   PDATA SIZE       =   ----    ----
   DATA SIZE        =   ----    ----
   IDATA SIZE       =   ----    ----
   BIT SIZE         =   ----    ----
END OF MODULE INFORMATION.


C51 COMPILATION COMPLETE.  0 WARNING(S),  0 ERROR(S)
