C51 COMPILER V7.50   TIMER                                                                 10/27/2014 20:53:08 PAGE 1   


C51 COMPILER V7.50, COMPILATION OF MODULE TIMER
OBJECT MODULE PLACED IN .\output\timer.obj
COMPILER INVOKED BY: C:\Keil\C51\BIN\C51.EXE source\timer.c LARGE BROWSE INCDIR(.\include\) DEBUG OBJECTEXTEND PRINT(.\l
                    -isting\timer.lst) OBJECT(.\output\timer.obj)

line level    source

   1          #include <timer.h>
   2          #include <reg52.h>
   3          #include <intrins.h>
   4          #include <parameter.h>
   5          #include <key.h>
   6          #include <dispatch.h>
   7          #include <uart.h>
   8          
   9          //-----------------------------------------------
  10          
  11          /* define constants */
  12          #define FOSC 11059200L
  13          #define MODE1T                      //Timer clock mode, comment this line is 12T mode, uncomment is 1T mod
             -e
  14          
  15          #ifdef MODE1T
  16          #define T1MS (65536-FOSC/1000)      //1ms timer calculation method in 1T mode
  17          #else
              #define T1MS (65536-FOSC/12/1000)   //1ms timer calculation method in 12T mode
              #endif
  20          
  21          /* define SFR */
  22          sfr AUXR = 0x8e;                    //Auxiliary register
  23          
  24          /* define variables */
  25          unsigned char count10ms;
  26          
  27          //-----------------------------------------------
  28          
  29          /* Timer0 interrupt routine */
  30          void tm0_isr() interrupt 1 using 1
  31          {
  32   1          TL0 = T1MS;                     //reload timer0 low byte
  33   1          TH0 = T1MS >> 8;                //reload timer0 high byte
  34   1          if (count10ms-- == 0)               //1ms * 10 -> 10ms
  35   1          {
  36   2                      timerCountOperation ++;
  37   2                      ManualTimerCount ++;
  38   2              TestOut = !TestOut;  
  39   2                      /////////////////////////////// 
  40   2                      Key_Scan();
  41   2                      ManiDispatch();
  42   2                      SubDispatch();
  43   2                      ManualDispatch();       
  44   2                      /////////////////////////////// 
  45   2                      count10ms = 9;               //reset counter
  46   2          }
  47   1      }
  48          
  49          //-----------------------------------------------
  50          
  51          /* main program */
  52          void timer_init()
  53          {
C51 COMPILER V7.50   TIMER                                                                 10/27/2014 20:53:08 PAGE 2   

  54   1      #ifdef MODE1T
  55   1          AUXR |= 0x80;                    //timer0 work in 1T mode
  56   1      #endif
  57   1          TMOD = 0x01;                    //set timer0 as mode1 (16-bit)
  58   1          TL0 = T1MS;                     //initial timer0 low byte
  59   1          TH0 = T1MS >> 8;                //initial timer0 high byte
  60   1          TR0 = 1;                        //timer0 start running
  61   1          ET0 = 1;                        //enable timer0 interrupt
  62   1          EA = 1;                         //open global interrupt switch
  63   1          count10ms = 9;                      //initial counter
  64   1      }
  65          


MODULE INFORMATION:   STATIC OVERLAYABLE
   CODE SIZE        =    113    ----
   CONSTANT SIZE    =   ----    ----
   XDATA SIZE       =      1    ----
   PDATA SIZE       =   ----    ----
   DATA SIZE        =   ----    ----
   IDATA SIZE       =   ----    ----
   BIT SIZE         =   ----    ----
END OF MODULE INFORMATION.


C51 COMPILATION COMPLETE.  0 WARNING(S),  0 ERROR(S)
